// Jest Snapshot v1, https://goo.gl/fbAQLP

exports[`Should Render Done Task page Correctly 1`] = `<withRouter(Connect(WithStyles(addTodo))) />`;
